// Jest Snapshot v1, https://goo.gl/fbAQLP

exports[`<Item/> renders and matches the snapshot 1`] = `
<ItemStyles__Item>
  <img
    alt="Cool speaker"
    src="speaker.jpg"
  />
  <Title>
    <Link
      href={
        Object {
          "pathname": "/item",
          "query": Object {
            "id": "asdf3re",
          },
        }
      }
    >
      <a>
        Cool speaker
      </a>
    </Link>
  </Title>
  <PriceTag>
    $50
  </PriceTag>
  <p>
    A cool speaker
  </p>
  <div
    className="buttonList"
  >
    <Link
      href={
        Object {
          "pathname": "update",
          "query": Object {
            "id": "asdf3re",
          },
        }
      }
    >
      <a>
        Edit
      </a>
    </Link>
    <AddToCart
      id="asdf3re"
    />
    <DeleteItem
      id="asdf3re"
    >
      Delete This Item
    </DeleteItem>
  </div>
</ItemStyles__Item>
`;
